// Jest Snapshot v1, https://goo.gl/fbAQLP

exports[`UncontrolledInput should render without errors 1`] = `
Array [
  .c0 {
  box-sizing: border-box;
  padding: 4px 8px;
  border-width: 1px;
  border-style: solid;
  width: 100%;
}

.c0:hower {
  opacity: 0.8;
}

.c0:active {
  opacity: 0.9;
}

.c0:focus {
  opacity: 1;
}

<input
    class="c0"
    id="some id"
    name="test"
    placeholder="some placeholder"
    type="email"
    value="test default value"
  />,
]
`;
