// Jest Snapshot v1, https://goo.gl/fbAQLP

exports[`MessageForm should render without errors 1`] = `
.c2 {
  display: -webkit-box;
  display: -webkit-flex;
  display: -ms-flexbox;
  display: flex;
  -webkit-align-items: center;
  -webkit-box-align: center;
  -ms-flex-align: center;
  align-items: center;
  -webkit-box-pack: center;
  -webkit-justify-content: center;
  -ms-flex-pack: center;
  justify-content: center;
  box-sizing: border-box;
  padding: 4px 8px;
  border-width: 1px;
  border-style: solid;
  background: red;
  color: white;
  padding-left: 8px;
  padding-right: 8px;
}

.c0 {
  border-width: 1px;
  border-style: solid;
  border-width: 0;
  border-top-width: 1px;
}

.c1 {
  width: 100%;
  padding: 10px;
}

.c1 .public-DraftEditor-content {
  margin-bottom: 10px;
}

<div>
  <div
    class="c0"
  >
    <div
      class="c1"
      data-testid="text-editor-wrap"
    >
      <div
        class="DraftEditor-root"
      >
        <div
          class="public-DraftEditorPlaceholder-root"
        >
          <div
            class="public-DraftEditorPlaceholder-inner"
            id="placeholder-1"
            style="white-space: pre-wrap;"
          >
            Type your message here...
          </div>
        </div>
        <div
          class="DraftEditor-editorContainer"
        >
          <div
            aria-describedby="placeholder-1"
            class="notranslate public-DraftEditor-content"
            contenteditable="true"
            role="textbox"
            spellcheck="false"
            style="outline: none; user-select: text; white-space: pre-wrap; word-wrap: break-word;"
          >
            <div
              data-contents="true"
            >
              <div
                class=""
                data-block="true"
                data-editor="1"
                data-offset-key="1-0-0"
              >
                <div
                  class="public-DraftStyleDefault-block public-DraftStyleDefault-ltr"
                  data-offset-key="1-0-0"
                >
                  <span
                    data-offset-key="1-0-0"
                  >
                    <br
                      data-text="true"
                    />
                  </span>
                </div>
              </div>
            </div>
          </div>
        </div>
      </div>
      <button
        class="c2"
      >
        Send
      </button>
    </div>
  </div>
</div>
`;
