// Jest Snapshot v1, https://goo.gl/fbAQLP

exports[`FormButtonsRow should render without errors 1`] = `
Array [
  .c0 {
  display: -webkit-box;
  display: -webkit-flex;
  display: -ms-flexbox;
  display: flex;
  -webkit-align-items: center;
  -webkit-box-align: center;
  -ms-flex-align: center;
  align-items: center;
  -webkit-box-pack: center;
  -webkit-justify-content: center;
  -ms-flex-pack: center;
  justify-content: center;
  box-sizing: border-box;
  padding: 4px 8px;
  border-width: 1px;
  border-style: solid;
  background: red;
  color: white;
  padding-left: 8px;
  padding-right: 8px;
  background: red;
  color: white;
}

<button
    class="c0"
    type="submit"
  >
    submit
  </button>,
  .c0 {
  display: -webkit-box;
  display: -webkit-flex;
  display: -ms-flexbox;
  display: flex;
  -webkit-align-items: center;
  -webkit-box-align: center;
  -ms-flex-align: center;
  align-items: center;
  -webkit-box-pack: center;
  -webkit-justify-content: center;
  -ms-flex-pack: center;
  justify-content: center;
  box-sizing: border-box;
  padding: 4px 8px;
  border-width: 1px;
  border-style: solid;
  background: red;
  color: white;
  padding-left: 8px;
  padding-right: 8px;
}

<button
    class="c0"
    type="reset"
  />,
]
`;
