// Jest Snapshot v1, https://goo.gl/fbAQLP

exports[`List should render without errors 1`] = `
.c0 {
  display: -webkit-box;
  display: -webkit-flex;
  display: -ms-flexbox;
  display: flex;
  -webkit-flex-direction: column;
  -ms-flex-direction: column;
  flex-direction: column;
  -webkit-align-items: stretch;
  -webkit-box-align: stretch;
  -ms-flex-align: stretch;
  align-items: stretch;
  list-style-type: none;
  padding: 0;
  margin: 0;
}

.c0 > * {
  margin-bottom: px;
}

.c0 > *:last-child {
  margin-bottom: 0;
}

<ul
  class="c0"
  data-testid="Uber Eats Delivery"
>
  <div>
    frodo
  </div>
  <div>
    sam
  </div>
  <div>
    golum
  </div>
</ul>
`;
